// Vitest Snapshot v1, https://vitest.dev/guide/snapshot.html

exports[`Given App component > When rendered, should match snapshot 1`] = `
<DocumentFragment>
  <header
    class="MuiPaper-root MuiPaper-elevation MuiPaper-elevation2 MuiAppBar-root MuiAppBar-colorDefault MuiAppBar-positionStatic css-zwpp1z-MuiPaper-root-MuiAppBar-root"
  >
    <div
      class="MuiContainer-root MuiContainer-maxWidthLg _sectionContainer_b162ba _headerContainer_7110fc css-1oqqzyl-MuiContainer-root"
    >
      <div
        class="_columnContainer_7110fc MuiBox-root css-0"
      >
        <svg
          aria-hidden="true"
          class="MuiSvgIcon-root MuiSvgIcon-colorPrimary MuiSvgIcon-fontSizeLarge css-1w8iwcg-MuiSvgIcon-root"
          data-testid="TollIcon"
          focusable="false"
          viewBox="0 0 24 24"
        >
          <path
            d="M15 4c-4.42 0-8 3.58-8 8s3.58 8 8 8 8-3.58 8-8-3.58-8-8-8m0 14c-3.31 0-6-2.69-6-6s2.69-6 6-6 6 2.69 6 6-2.69 6-6 6M3 12c0-2.61 1.67-4.83 4-5.65V4.26C3.55 5.15 1 8.27 1 12s2.55 6.85 6 7.74v-2.09c-2.33-.82-4-3.04-4-5.65"
          />
        </svg>
      </div>
      <div
        class="MuiBox-root css-0"
      >
        <button
          class="MuiButtonBase-root MuiIconButton-root MuiIconButton-sizeMedium css-16v8dyw-MuiButtonBase-root-MuiIconButton-root"
          tabindex="0"
          type="button"
        >
          <span
            class="MuiBadge-root css-1c32n2y-MuiBadge-root"
          >
            <svg
              aria-hidden="true"
              class="MuiSvgIcon-root MuiSvgIcon-fontSizeMedium css-hnmzsu-MuiSvgIcon-root"
              data-testid="ShoppingCartOutlinedIcon"
              focusable="false"
              viewBox="0 0 24 24"
            >
              <path
                d="M15.55 13c.75 0 1.41-.41 1.75-1.03l3.58-6.49c.37-.66-.11-1.48-.87-1.48H5.21l-.94-2H1v2h2l3.6 7.59-1.35 2.44C4.52 15.37 5.48 17 7 17h12v-2H7l1.1-2zM6.16 6h12.15l-2.76 5H8.53zM7 18c-1.1 0-1.99.9-1.99 2S5.9 22 7 22s2-.9 2-2-.9-2-2-2m10 0c-1.1 0-1.99.9-1.99 2s.89 2 1.99 2 2-.9 2-2-.9-2-2-2"
              />
            </svg>
            <span
              class="MuiBadge-badge MuiBadge-standard MuiBadge-invisible MuiBadge-anchorOriginTopRight MuiBadge-anchorOriginTopRightRectangular MuiBadge-overlapRectangular MuiBadge-colorPrimary css-yxkse8-MuiBadge-badge"
            >
              0
            </span>
          </span>
          <span
            class="MuiTouchRipple-root css-8je8zh-MuiTouchRipple-root"
          />
        </button>
        <button
          class="MuiButtonBase-root MuiIconButton-root MuiIconButton-sizeMedium css-16v8dyw-MuiButtonBase-root-MuiIconButton-root"
          tabindex="0"
          type="button"
        >
          <span
            class="MuiBadge-root _badge_2e3992 css-1c32n2y-MuiBadge-root"
          >
            <svg
              aria-hidden="true"
              class="MuiSvgIcon-root MuiSvgIcon-fontSizeMedium css-hnmzsu-MuiSvgIcon-root"
              data-testid="AccountCircleOutlinedIcon"
              focusable="false"
              viewBox="0 0 24 24"
            >
              <path
                d="M12 2C6.48 2 2 6.48 2 12s4.48 10 10 10 10-4.48 10-10S17.52 2 12 2M7.35 18.5C8.66 17.56 10.26 17 12 17s3.34.56 4.65 1.5c-1.31.94-2.91 1.5-4.65 1.5s-3.34-.56-4.65-1.5m10.79-1.38C16.45 15.8 14.32 15 12 15s-4.45.8-6.14 2.12C4.7 15.73 4 13.95 4 12c0-4.42 3.58-8 8-8s8 3.58 8 8c0 1.95-.7 3.73-1.86 5.12"
              />
              <path
                d="M12 6c-1.93 0-3.5 1.57-3.5 3.5S10.07 13 12 13s3.5-1.57 3.5-3.5S13.93 6 12 6m0 5c-.83 0-1.5-.67-1.5-1.5S11.17 8 12 8s1.5.67 1.5 1.5S12.83 11 12 11"
              />
            </svg>
            <span
              class="MuiBadge-badge MuiBadge-standard MuiBadge-anchorOriginTopRight MuiBadge-anchorOriginTopRightRectangular MuiBadge-overlapRectangular MuiBadge-colorPrimary _badgeIcon_2e3992 _badgeIcon_2e3992 css-g18jcg-MuiBadge-badge"
            >
              Login
            </span>
          </span>
          <span
            class="MuiTouchRipple-root css-8je8zh-MuiTouchRipple-root"
          />
        </button>
        <button
          class="MuiButtonBase-root MuiIconButton-root MuiIconButton-sizeMedium css-16v8dyw-MuiButtonBase-root-MuiIconButton-root"
          tabindex="0"
          type="button"
        >
          <svg
            aria-hidden="true"
            class="MuiSvgIcon-root MuiSvgIcon-fontSizeMedium css-hnmzsu-MuiSvgIcon-root"
            data-testid="MenuIcon"
            focusable="false"
            viewBox="0 0 24 24"
          >
            <path
              d="M3 18h18v-2H3zm0-5h18v-2H3zm0-7v2h18V6z"
            />
          </svg>
          <span
            class="MuiTouchRipple-root css-8je8zh-MuiTouchRipple-root"
          />
        </button>
      </div>
    </div>
  </header>
  <main
    class="_container_2da750 MuiBox-root css-0"
  >
    <div
      class="MuiContainer-root MuiContainer-maxWidthLg _sectionContainer_b162ba _sectionContainer_2da750 css-1oqqzyl-MuiContainer-root"
    >
      <div
        class="_pageContainer_db53ca MuiBox-root css-0"
      >
        <section
          class="_mainSection_5b38b0 MuiBox-root css-0"
        >
          <div
            class="_mainImageBackdrop_5b38b0 MuiBox-root css-0"
          />
          <img
            alt="furniture"
            class="_mainImage_5b38b0 MuiBox-root css-0"
            src="/src/assets/furniture.webp?t=1718886947319"
          />
          <div
            class="_mainColumn1_5b38b0 MuiBox-root css-0"
          >
            <h1
              class="MuiTypography-root MuiTypography-h1 _mainTitle_5b38b0 css-1v2myxa-MuiTypography-root"
            >
              Radiocommerce
            </h1>
            <h2
              class="MuiTypography-root MuiTypography-h2 _mainSubtitle_5b38b0 css-1rnp5wk-MuiTypography-root"
            >
              All sort of high-quality furniture available here
            </h2>
            <p
              class="MuiTypography-root MuiTypography-body2 _mainText_5b38b0 css-k6fpi-MuiTypography-root"
            >
              Take a look around and choose what you like.Trust me, you won't regret it. Besides, we have a lot of discounts!
            </p>
            <button
              class="MuiButtonBase-root MuiButton-root MuiButton-contained MuiButton-containedPrimary MuiButton-sizeMedium MuiButton-containedSizeMedium MuiButton-colorPrimary MuiButton-root MuiButton-contained MuiButton-containedPrimary MuiButton-sizeMedium MuiButton-containedSizeMedium MuiButton-colorPrimary _mainBtn_5b38b0 _btn_d6e307 css-199pgey-MuiButtonBase-root-MuiButton-root"
              tabindex="0"
              type="button"
            >
              Go to catalog
              <span
                class="MuiTouchRipple-root css-8je8zh-MuiTouchRipple-root"
              />
            </button>
          </div>
        </section>
        <section
          class="_mainSection_c1045d MuiBox-root css-0"
        >
          <div
            class="MuiPaper-root MuiPaper-elevation MuiPaper-rounded MuiPaper-elevation5 _btn_c1045d _paper_c1045d css-17obetx-MuiPaper-root"
          >
            <p
              class="MuiTypography-root MuiTypography-body1 css-1w3vqxd-MuiTypography-root"
            />
          </div>
          <div
            class=" _container_7db3c6 _overflowHidden_7db3c6 MuiBox-root css-0"
          >
            <div
              class="_skeleton_7db3c6  MuiBox-root css-q8nw6e"
            >
              <span
                class="MuiSkeleton-root MuiSkeleton-text MuiSkeleton-wave css-1obopxj-MuiSkeleton-root"
              />
              <span
                class="MuiSkeleton-root MuiSkeleton-circular MuiSkeleton-wave css-1gv78by-MuiSkeleton-root"
                style="width: 10vh; height: 10vh;"
              />
              <span
                class="MuiSkeleton-root MuiSkeleton-text MuiSkeleton-wave css-1obopxj-MuiSkeleton-root"
              />
              <span
                class="MuiSkeleton-root MuiSkeleton-text MuiSkeleton-wave css-1obopxj-MuiSkeleton-root"
              />
              <span
                class="MuiSkeleton-root MuiSkeleton-text MuiSkeleton-wave css-1o0a8qd-MuiSkeleton-root"
              />
              <span
                class="MuiSkeleton-root MuiSkeleton-text MuiSkeleton-wave css-1o0a8qd-MuiSkeleton-root"
              />
              <span
                class="MuiSkeleton-root MuiSkeleton-text MuiSkeleton-wave css-1o0a8qd-MuiSkeleton-root"
              />
              <span
                class="MuiSkeleton-root MuiSkeleton-text MuiSkeleton-wave css-1o0a8qd-MuiSkeleton-root"
              />
              <span
                class="MuiSkeleton-root MuiSkeleton-text MuiSkeleton-wave css-1o0a8qd-MuiSkeleton-root"
              />
            </div>
            <div
              class="_childrenContainer_7db3c6 _hidden_7db3c6 MuiBox-root css-0"
            >
              <div
                class="MuiPaper-root MuiPaper-elevation MuiPaper-rounded MuiPaper-elevation1 _paper_c1045d _paperProducts_c1045d css-hpo018-MuiPaper-root"
              >
                <div
                  class="MuiGrid-root MuiGrid-container MuiGrid-spacing-xs-2 css-mhc70k-MuiGrid-root"
                />
              </div>
            </div>
          </div>
        </section>
        <section
          class="_mainSection_c1045d MuiBox-root css-0"
        >
          <div
            class="MuiPaper-root MuiPaper-elevation MuiPaper-rounded MuiPaper-elevation5 _btn_c1045d _paper_c1045d css-17obetx-MuiPaper-root"
          >
            <p
              class="MuiTypography-root MuiTypography-body1 css-1w3vqxd-MuiTypography-root"
            />
          </div>
          <div
            class=" _container_7db3c6 _overflowHidden_7db3c6 MuiBox-root css-0"
          >
            <div
              class="_skeleton_7db3c6  MuiBox-root css-q8nw6e"
            >
              <span
                class="MuiSkeleton-root MuiSkeleton-text MuiSkeleton-wave css-1obopxj-MuiSkeleton-root"
              />
              <span
                class="MuiSkeleton-root MuiSkeleton-circular MuiSkeleton-wave css-1gv78by-MuiSkeleton-root"
                style="width: 10vh; height: 10vh;"
              />
              <span
                class="MuiSkeleton-root MuiSkeleton-text MuiSkeleton-wave css-1obopxj-MuiSkeleton-root"
              />
              <span
                class="MuiSkeleton-root MuiSkeleton-text MuiSkeleton-wave css-1obopxj-MuiSkeleton-root"
              />
              <span
                class="MuiSkeleton-root MuiSkeleton-text MuiSkeleton-wave css-1o0a8qd-MuiSkeleton-root"
              />
              <span
                class="MuiSkeleton-root MuiSkeleton-text MuiSkeleton-wave css-1o0a8qd-MuiSkeleton-root"
              />
              <span
                class="MuiSkeleton-root MuiSkeleton-text MuiSkeleton-wave css-1o0a8qd-MuiSkeleton-root"
              />
              <span
                class="MuiSkeleton-root MuiSkeleton-text MuiSkeleton-wave css-1o0a8qd-MuiSkeleton-root"
              />
              <span
                class="MuiSkeleton-root MuiSkeleton-text MuiSkeleton-wave css-1o0a8qd-MuiSkeleton-root"
              />
            </div>
            <div
              class="_childrenContainer_7db3c6 _hidden_7db3c6 MuiBox-root css-0"
            >
              <div
                class="MuiPaper-root MuiPaper-elevation MuiPaper-rounded MuiPaper-elevation1 _paper_c1045d _paperProducts_c1045d css-hpo018-MuiPaper-root"
              >
                <div
                  class="MuiGrid-root MuiGrid-container MuiGrid-spacing-xs-2 css-mhc70k-MuiGrid-root"
                />
              </div>
            </div>
          </div>
        </section>
        <section
          class="_specialSection_df6a65 MuiBox-root css-0"
        >
          <div
            class="MuiPaper-root MuiPaper-elevation MuiPaper-rounded MuiPaper-elevation5 _paper1_df6a65 _paper_df6a65 css-17obetx-MuiPaper-root"
          >
            <p
              class="MuiTypography-root MuiTypography-body1 css-1w3vqxd-MuiTypography-root"
            >
              Our special offer:
            </p>
          </div>
          <div
            class="MuiPaper-root MuiPaper-elevation MuiPaper-rounded MuiPaper-elevation5 _paper2_df6a65 _paper_c14054 css-17obetx-MuiPaper-root"
          >
            <p
              class="MuiTypography-root MuiTypography-body1 css-1w3vqxd-MuiTypography-root"
            >
              minus10
            </p>
          </div>
          <div
            class="MuiPaper-root MuiPaper-elevation MuiPaper-rounded MuiPaper-elevation5 _paper2_df6a65 _paper_c14054 css-17obetx-MuiPaper-root"
          >
            <p
              class="MuiTypography-root MuiTypography-body1 css-1w3vqxd-MuiTypography-root"
            >
              minus15
            </p>
          </div>
        </section>
      </div>
    </div>
  </main>
</DocumentFragment>
`;
